// Jest Snapshot v1, https://goo.gl/fbAQLP

exports[`<TopicReplies /> should render correctly 1`] = `
<div
  className="ant-card ant-card-bordered"
  id="topic__reply"
>
  <div
    className="ant-card-head"
    style={Object {}}
  >
    <div
      className="ant-card-head-wrapper"
    >
      <div
        className="ant-card-head-title"
      >
        回复
      </div>
    </div>
  </div>
  <div
    className="ant-card-body"
    style={Object {}}
  >
    <div
      className="ant-list ant-list-split ant-list-something-after-last-item"
    >
      <div
        className="ant-spin-nested-loading"
      >
        <div
          className="ant-spin-container"
        >
          <div
            className="ant-list-item"
            id="001"
          >
            <div
              className="ant-list-item-meta"
            >
              <div
                className="ant-list-item-meta-avatar"
              >
                <span
                  className="ant-avatar ant-avatar-lg ant-avatar-circle ant-avatar-image"
                  style={Object {}}
                >
                  <img
                    onError={[Function]}
                    src="//"
                  />
                </span>
              </div>
              <div
                className="ant-list-item-meta-content"
              >
                <h4
                  className="ant-list-item-meta-title"
                >
                  <div>
                    <a
                      href="/user/admin"
                      onClick={[Function]}
                    >
                      <div
                        className="ant-tag ant-tag-green"
                        style={
                          Object {
                            "backgroundColor": undefined,
                          }
                        }
                      >
                        admin
                      </div>
                    </a>
                    <div
                      className="ant-divider ant-divider-vertical"
                    />
                    <a
                      href="#001"
                    >
                      1 楼
                    </a>
                    <div
                      className="ant-divider ant-divider-vertical"
                    />
                    <span>
                      a day ago
                    </span>
                    <div
                      className="ant-divider ant-divider-vertical"
                    />
                    <div>
                      <ul
                        className="ant-rate"
                        onBlur={[Function]}
                        onFocus={[Function]}
                        onKeyDown={[Function]}
                        onMouseLeave={[Function]}
                        role="radiogroup"
                        style={Object {}}
                        tabIndex={0}
                      >
                        <li
                          className="ant-rate-star ant-rate-star-zero"
                        >
                          <div
                            aria-checked="false"
                            aria-posinset={1}
                            aria-setsize={1}
                            onClick={[Function]}
                            onKeyDown={[Function]}
                            onMouseMove={[Function]}
                            role="radio"
                            tabIndex={0}
                          >
                            <div
                              className="ant-rate-star-first"
                            >
                              <i
                                aria-label="icon: like"
                                className="anticon anticon-like"
                              >
                                <svg
                                  aria-hidden="true"
                                  className=""
                                  data-icon="like"
                                  fill="currentColor"
                                  height="1em"
                                  viewBox="64 64 896 896"
                                  width="1em"
                                >
                                  <path
                                    d="M885.9 533.7c16.8-22.2 26.1-49.4 26.1-77.7 0-44.9-25.1-87.4-65.5-111.1a67.67 67.67 0 0 0-34.3-9.3H572.4l6-122.9c1.4-29.7-9.1-57.9-29.5-79.4A106.62 106.62 0 0 0 471 99.9c-52 0-98 35-111.8 85.1l-85.9 311H144c-17.7 0-32 14.3-32 32v364c0 17.7 14.3 32 32 32h601.3c9.2 0 18.2-1.8 26.5-5.4 47.6-20.3 78.3-66.8 78.3-118.4 0-12.6-1.8-25-5.4-37 16.8-22.2 26.1-49.4 26.1-77.7 0-12.6-1.8-25-5.4-37 16.8-22.2 26.1-49.4 26.1-77.7-.2-12.6-2-25.1-5.6-37.1zM184 852V568h81v284h-81zm636.4-353l-21.9 19 13.9 25.4a56.2 56.2 0 0 1 6.9 27.3c0 16.5-7.2 32.2-19.6 43l-21.9 19 13.9 25.4a56.2 56.2 0 0 1 6.9 27.3c0 16.5-7.2 32.2-19.6 43l-21.9 19 13.9 25.4a56.2 56.2 0 0 1 6.9 27.3c0 22.4-13.2 42.6-33.6 51.8H329V564.8l99.5-360.5a44.1 44.1 0 0 1 42.2-32.3c7.6 0 15.1 2.2 21.1 6.7 9.9 7.4 15.2 18.6 14.6 30.5l-9.6 198.4h314.4C829 418.5 840 436.9 840 456c0 16.5-7.2 32.1-19.6 43z"
                                  />
                                </svg>
                              </i>
                            </div>
                            <div
                              className="ant-rate-star-second"
                            >
                              <i
                                aria-label="icon: like"
                                className="anticon anticon-like"
                              >
                                <svg
                                  aria-hidden="true"
                                  className=""
                                  data-icon="like"
                                  fill="currentColor"
                                  height="1em"
                                  viewBox="64 64 896 896"
                                  width="1em"
                                >
                                  <path
                                    d="M885.9 533.7c16.8-22.2 26.1-49.4 26.1-77.7 0-44.9-25.1-87.4-65.5-111.1a67.67 67.67 0 0 0-34.3-9.3H572.4l6-122.9c1.4-29.7-9.1-57.9-29.5-79.4A106.62 106.62 0 0 0 471 99.9c-52 0-98 35-111.8 85.1l-85.9 311H144c-17.7 0-32 14.3-32 32v364c0 17.7 14.3 32 32 32h601.3c9.2 0 18.2-1.8 26.5-5.4 47.6-20.3 78.3-66.8 78.3-118.4 0-12.6-1.8-25-5.4-37 16.8-22.2 26.1-49.4 26.1-77.7 0-12.6-1.8-25-5.4-37 16.8-22.2 26.1-49.4 26.1-77.7-.2-12.6-2-25.1-5.6-37.1zM184 852V568h81v284h-81zm636.4-353l-21.9 19 13.9 25.4a56.2 56.2 0 0 1 6.9 27.3c0 16.5-7.2 32.2-19.6 43l-21.9 19 13.9 25.4a56.2 56.2 0 0 1 6.9 27.3c0 16.5-7.2 32.2-19.6 43l-21.9 19 13.9 25.4a56.2 56.2 0 0 1 6.9 27.3c0 22.4-13.2 42.6-33.6 51.8H329V564.8l99.5-360.5a44.1 44.1 0 0 1 42.2-32.3c7.6 0 15.1 2.2 21.1 6.7 9.9 7.4 15.2 18.6 14.6 30.5l-9.6 198.4h314.4C829 418.5 840 436.9 840 456c0 16.5-7.2 32.1-19.6 43z"
                                  />
                                </svg>
                              </i>
                            </div>
                          </div>
                        </li>
                      </ul>
                    </div>
                  </div>
                </h4>
                <div
                  className="ant-list-item-meta-description"
                >
                  <div
                    className="markdown-body"
                  >
                    <p>
                      content
                    </p>
                  </div>
                </div>
              </div>
            </div>
          </div>
          <div
            className="ant-list-item"
            id="002"
          >
            <div
              className="ant-list-item-meta"
            >
              <div
                className="ant-list-item-meta-avatar"
              >
                <span
                  className="ant-avatar ant-avatar-lg ant-avatar-circle ant-avatar-image"
                  style={Object {}}
                >
                  <img
                    onError={[Function]}
                    src="//"
                  />
                </span>
              </div>
              <div
                className="ant-list-item-meta-content"
              >
                <h4
                  className="ant-list-item-meta-title"
                >
                  <div>
                    <a
                      href="/user/guest"
                      onClick={[Function]}
                    >
                      <div
                        className="ant-tag ant-tag-purple"
                        style={
                          Object {
                            "backgroundColor": undefined,
                          }
                        }
                      >
                        guest
                      </div>
                    </a>
                    <div
                      className="ant-divider ant-divider-vertical"
                    />
                    <a
                      href="#002"
                    >
                      2 楼
                    </a>
                    <div
                      className="ant-divider ant-divider-vertical"
                    />
                    <span>
                      a day ago
                    </span>
                    <div
                      className="ant-divider ant-divider-vertical"
                    />
                    <div>
                      <ul
                        className="ant-rate"
                        onBlur={[Function]}
                        onFocus={[Function]}
                        onKeyDown={[Function]}
                        onMouseLeave={[Function]}
                        role="radiogroup"
                        style={Object {}}
                        tabIndex={0}
                      >
                        <li
                          className="ant-rate-star ant-rate-star-zero"
                        >
                          <div
                            aria-checked="false"
                            aria-posinset={1}
                            aria-setsize={1}
                            onClick={[Function]}
                            onKeyDown={[Function]}
                            onMouseMove={[Function]}
                            role="radio"
                            tabIndex={0}
                          >
                            <div
                              className="ant-rate-star-first"
                            >
                              <i
                                aria-label="icon: like"
                                className="anticon anticon-like"
                              >
                                <svg
                                  aria-hidden="true"
                                  className=""
                                  data-icon="like"
                                  fill="currentColor"
                                  height="1em"
                                  viewBox="64 64 896 896"
                                  width="1em"
                                >
                                  <path
                                    d="M885.9 533.7c16.8-22.2 26.1-49.4 26.1-77.7 0-44.9-25.1-87.4-65.5-111.1a67.67 67.67 0 0 0-34.3-9.3H572.4l6-122.9c1.4-29.7-9.1-57.9-29.5-79.4A106.62 106.62 0 0 0 471 99.9c-52 0-98 35-111.8 85.1l-85.9 311H144c-17.7 0-32 14.3-32 32v364c0 17.7 14.3 32 32 32h601.3c9.2 0 18.2-1.8 26.5-5.4 47.6-20.3 78.3-66.8 78.3-118.4 0-12.6-1.8-25-5.4-37 16.8-22.2 26.1-49.4 26.1-77.7 0-12.6-1.8-25-5.4-37 16.8-22.2 26.1-49.4 26.1-77.7-.2-12.6-2-25.1-5.6-37.1zM184 852V568h81v284h-81zm636.4-353l-21.9 19 13.9 25.4a56.2 56.2 0 0 1 6.9 27.3c0 16.5-7.2 32.2-19.6 43l-21.9 19 13.9 25.4a56.2 56.2 0 0 1 6.9 27.3c0 16.5-7.2 32.2-19.6 43l-21.9 19 13.9 25.4a56.2 56.2 0 0 1 6.9 27.3c0 22.4-13.2 42.6-33.6 51.8H329V564.8l99.5-360.5a44.1 44.1 0 0 1 42.2-32.3c7.6 0 15.1 2.2 21.1 6.7 9.9 7.4 15.2 18.6 14.6 30.5l-9.6 198.4h314.4C829 418.5 840 436.9 840 456c0 16.5-7.2 32.1-19.6 43z"
                                  />
                                </svg>
                              </i>
                            </div>
                            <div
                              className="ant-rate-star-second"
                            >
                              <i
                                aria-label="icon: like"
                                className="anticon anticon-like"
                              >
                                <svg
                                  aria-hidden="true"
                                  className=""
                                  data-icon="like"
                                  fill="currentColor"
                                  height="1em"
                                  viewBox="64 64 896 896"
                                  width="1em"
                                >
                                  <path
                                    d="M885.9 533.7c16.8-22.2 26.1-49.4 26.1-77.7 0-44.9-25.1-87.4-65.5-111.1a67.67 67.67 0 0 0-34.3-9.3H572.4l6-122.9c1.4-29.7-9.1-57.9-29.5-79.4A106.62 106.62 0 0 0 471 99.9c-52 0-98 35-111.8 85.1l-85.9 311H144c-17.7 0-32 14.3-32 32v364c0 17.7 14.3 32 32 32h601.3c9.2 0 18.2-1.8 26.5-5.4 47.6-20.3 78.3-66.8 78.3-118.4 0-12.6-1.8-25-5.4-37 16.8-22.2 26.1-49.4 26.1-77.7 0-12.6-1.8-25-5.4-37 16.8-22.2 26.1-49.4 26.1-77.7-.2-12.6-2-25.1-5.6-37.1zM184 852V568h81v284h-81zm636.4-353l-21.9 19 13.9 25.4a56.2 56.2 0 0 1 6.9 27.3c0 16.5-7.2 32.2-19.6 43l-21.9 19 13.9 25.4a56.2 56.2 0 0 1 6.9 27.3c0 16.5-7.2 32.2-19.6 43l-21.9 19 13.9 25.4a56.2 56.2 0 0 1 6.9 27.3c0 22.4-13.2 42.6-33.6 51.8H329V564.8l99.5-360.5a44.1 44.1 0 0 1 42.2-32.3c7.6 0 15.1 2.2 21.1 6.7 9.9 7.4 15.2 18.6 14.6 30.5l-9.6 198.4h314.4C829 418.5 840 436.9 840 456c0 16.5-7.2 32.1-19.6 43z"
                                  />
                                </svg>
                              </i>
                            </div>
                          </div>
                        </li>
                      </ul>
                    </div>
                  </div>
                </h4>
                <div
                  className="ant-list-item-meta-description"
                >
                  <div
                    className="markdown-body"
                  >
                    <p>
                      guest content
                    </p>
                  </div>
                </div>
              </div>
            </div>
          </div>
        </div>
      </div>
      <div
        className="ant-list-pagination"
      >
        <ul
          className="ant-pagination "
          style={Object {}}
          unselectable="unselectable"
        >
          <li
            aria-disabled={true}
            className="ant-pagination-disabled ant-pagination-prev"
            onClick={[Function]}
            onKeyPress={[Function]}
            tabIndex={null}
            title="Previous Page"
          >
            <a
              className="ant-pagination-item-link"
            >
              <i
                aria-label="icon: left"
                className="anticon anticon-left"
              >
                <svg
                  aria-hidden="true"
                  className=""
                  data-icon="left"
                  fill="currentColor"
                  height="1em"
                  viewBox="64 64 896 896"
                  width="1em"
                >
                  <path
                    d="M724 218.3V141c0-6.7-7.7-10.4-12.9-6.3L260.3 486.8a31.86 31.86 0 0 0 0 50.3l450.8 352.1c5.3 4.1 12.9.4 12.9-6.3v-77.3c0-4.9-2.3-9.6-6.1-12.6l-360-281 360-281.1c3.8-3 6.1-7.7 6.1-12.6z"
                  />
                </svg>
              </i>
            </a>
          </li>
          <li
            className="ant-pagination-item ant-pagination-item-1 ant-pagination-item-active"
            onClick={[Function]}
            onKeyPress={[Function]}
            tabIndex="0"
            title={1}
          >
            <a>
              1
            </a>
          </li>
          <li
            aria-disabled={true}
            className="ant-pagination-disabled ant-pagination-next"
            onClick={[Function]}
            onKeyPress={[Function]}
            tabIndex={null}
            title="Next Page"
          >
            <a
              className="ant-pagination-item-link"
            >
              <i
                aria-label="icon: right"
                className="anticon anticon-right"
              >
                <svg
                  aria-hidden="true"
                  className=""
                  data-icon="right"
                  fill="currentColor"
                  height="1em"
                  viewBox="64 64 896 896"
                  width="1em"
                >
                  <path
                    d="M765.7 486.8L314.9 134.7A7.97 7.97 0 0 0 302 141v77.3c0 4.9 2.3 9.6 6.1 12.6l360 281.1-360 281.1c-3.9 3-6.1 7.7-6.1 12.6V883c0 6.7 7.7 10.4 12.9 6.3l450.8-352.1a31.96 31.96 0 0 0 0-50.4z"
                  />
                </svg>
              </i>
            </a>
          </li>
          <li
            className="ant-pagination-options"
          >
            <div
              className="ant-pagination-options-size-changer ant-select ant-select-enabled"
              onBlur={[Function]}
              onClick={[Function]}
              onFocus={[Function]}
              onMouseDown={[Function]}
              onMouseOut={[Function]}
              onMouseUp={[Function]}
              onTouchStart={[Function]}
            >
              <div
                aria-autocomplete="list"
                aria-controls="test-uuid"
                aria-expanded={false}
                aria-haspopup="true"
                className="ant-select-selection
            ant-select-selection--single"
                onKeyDown={[Function]}
                role="combobox"
                tabIndex={0}
              >
                <div
                  className="ant-select-selection__rendered"
                >
                  <div
                    className="ant-select-selection-selected-value"
                    style={
                      Object {
                        "display": "block",
                        "opacity": 1,
                      }
                    }
                    title="10 / page"
                  >
                    10 / page
                  </div>
                </div>
                <span
                  className="ant-select-arrow"
                  onClick={[Function]}
                  style={
                    Object {
                      "WebkitUserSelect": "none",
                      "userSelect": "none",
                    }
                  }
                  unselectable="on"
                >
                  <i
                    aria-label="icon: down"
                    className="anticon anticon-down ant-select-arrow-icon"
                  >
                    <svg
                      aria-hidden="true"
                      className=""
                      data-icon="down"
                      fill="currentColor"
                      height="1em"
                      viewBox="64 64 896 896"
                      width="1em"
                    >
                      <path
                        d="M884 256h-75c-5.1 0-9.9 2.5-12.9 6.6L512 654.2 227.9 262.6c-3-4.1-7.8-6.6-12.9-6.6h-75c-6.5 0-10.3 7.4-6.5 12.7l352.6 486.1c12.8 17.6 39 17.6 51.7 0l352.6-486.1c3.9-5.3.1-12.7-6.4-12.7z"
                      />
                    </svg>
                  </i>
                </span>
              </div>
            </div>
            <div
              className="ant-pagination-options-quick-jumper"
            >
              Goto
              <input
                onChange={[Function]}
                onKeyUp={[Function]}
                type="text"
                value=""
              />
            </div>
          </li>
        </ul>
      </div>
    </div>
  </div>
</div>
`;

exports[`<TopicReplies /> should render null 1`] = `""`;
