// Jest Snapshot v1, https://goo.gl/fbAQLP

exports[`<User /> should render <Exception /> 1`] = `
<ConnectFunction
  match={
    Object {
      "params": Object {
        "name": "admin",
      },
    }
  }
  store={
    Object {
      "clearActions": [Function],
      "dispatch": [Function],
      "getActions": [Function],
      "getState": [Function],
      "replaceReducer": [Function],
      "subscribe": [Function],
    }
  }
>
  <div>
    <span>
      网络出小差了！请稍后再试
    </span>
  </div>
</ConnectFunction>
`;

exports[`<User /> should render correctly 1`] = `
<ConnectFunction
  match={
    Object {
      "params": Object {
        "name": "admin",
      },
    }
  }
  store={
    Object {
      "clearActions": [Function],
      "dispatch": [Function],
      "getActions": [Function],
      "getState": [Function],
      "replaceReducer": [Function],
      "subscribe": [Function],
    }
  }
>
  <div
    className=""
  >
    <div
      className="ant-card ant-card-bordered"
    >
      <div
        className="ant-card-body"
        style={Object {}}
      >
        <div
          className="ant-card-meta"
        >
          <div
            className="ant-card-meta-avatar"
          >
            <span
              className="ant-avatar ant-avatar-circle ant-avatar-image"
              style={Object {}}
            >
              <img
                onError={[Function]}
                src="//"
              />
            </span>
          </div>
          <div
            className="ant-card-meta-detail"
          >
            <div
              className="ant-card-meta-title"
            >
              <div
                className="ant-tag ant-tag-purple"
                style={
                  Object {
                    "backgroundColor": undefined,
                  }
                }
              >
                admin
              </div>
            </div>
            <div
              className="ant-card-meta-description"
            >
              <div>
                Github：
                <a
                  href="https://github.com/admin"
                  rel="noopener noreferrer"
                  target="_blank"
                >
                  admin
                </a>
              </div>
              <div>
                积分：
                520
              </div>
              <div>
                收藏话题：
                2
                 个
              </div>
              <div>
                注册时间：
                a day ago
              </div>
            </div>
          </div>
        </div>
      </div>
    </div>
    <div
      className="ant-card ant-card-bordered ant-card-contain-tabs"
    >
      <div
        className="ant-card-head"
        style={Object {}}
      >
        <div
          className="ant-card-head-wrapper"
        />
        <div
          className="ant-tabs ant-tabs-top ant-card-head-tabs ant-tabs-large ant-tabs-line"
          onScroll={[Function]}
          style={Object {}}
        >
          <div
            className="ant-tabs-bar ant-tabs-top-bar ant-tabs-large-bar"
            onKeyDown={[Function]}
            role="tablist"
            style={Object {}}
            tabIndex="0"
          >
            <div
              className="ant-tabs-nav-container"
            >
              <span
                className="ant-tabs-tab-prev ant-tabs-tab-btn-disabled"
                onClick={null}
                onTransitionEnd={[Function]}
                unselectable="unselectable"
              >
                <span
                  className="ant-tabs-tab-prev-icon"
                >
                  <i
                    aria-label="icon: left"
                    className="anticon anticon-left ant-tabs-tab-prev-icon-target"
                  >
                    <svg
                      aria-hidden="true"
                      className=""
                      data-icon="left"
                      fill="currentColor"
                      focusable="false"
                      height="1em"
                      viewBox="64 64 896 896"
                      width="1em"
                    >
                      <path
                        d="M724 218.3V141c0-6.7-7.7-10.4-12.9-6.3L260.3 486.8a31.86 31.86 0 0 0 0 50.3l450.8 352.1c5.3 4.1 12.9.4 12.9-6.3v-77.3c0-4.9-2.3-9.6-6.1-12.6l-360-281 360-281.1c3.8-3 6.1-7.7 6.1-12.6z"
                      />
                    </svg>
                  </i>
                </span>
              </span>
              <span
                className="ant-tabs-tab-next ant-tabs-tab-btn-disabled"
                onClick={null}
                unselectable="unselectable"
              >
                <span
                  className="ant-tabs-tab-next-icon"
                >
                  <i
                    aria-label="icon: right"
                    className="anticon anticon-right ant-tabs-tab-next-icon-target"
                  >
                    <svg
                      aria-hidden="true"
                      className=""
                      data-icon="right"
                      fill="currentColor"
                      focusable="false"
                      height="1em"
                      viewBox="64 64 896 896"
                      width="1em"
                    >
                      <path
                        d="M765.7 486.8L314.9 134.7A7.97 7.97 0 0 0 302 141v77.3c0 4.9 2.3 9.6 6.1 12.6l360 281.1-360 281.1c-3.9 3-6.1 7.7-6.1 12.6V883c0 6.7 7.7 10.4 12.9 6.3l450.8-352.1a31.96 31.96 0 0 0 0-50.4z"
                      />
                    </svg>
                  </i>
                </span>
              </span>
              <div
                className="ant-tabs-nav-wrap"
              >
                <div
                  className="ant-tabs-nav-scroll"
                >
                  <div
                    className="ant-tabs-nav ant-tabs-nav-animated"
                  >
                    <div>
                      <div
                        aria-disabled="false"
                        aria-selected="true"
                        className="ant-tabs-tab-active ant-tabs-tab"
                        onClick={[Function]}
                        role="tab"
                        style={
                          Object {
                            "marginRight": null,
                          }
                        }
                      >
                        最近创建的话题
                      </div>
                      <div
                        aria-disabled="false"
                        aria-selected="false"
                        className=" ant-tabs-tab"
                        onClick={[Function]}
                        role="tab"
                        style={
                          Object {
                            "marginRight": null,
                          }
                        }
                      >
                        最近参与的话题
                      </div>
                      <div
                        aria-disabled="false"
                        aria-selected="false"
                        className=" ant-tabs-tab"
                        onClick={[Function]}
                        role="tab"
                        style={
                          Object {
                            "marginRight": null,
                          }
                        }
                      >
                        收藏的话题
                      </div>
                    </div>
                    <div
                      className="ant-tabs-ink-bar ant-tabs-ink-bar-animated"
                    />
                  </div>
                </div>
              </div>
            </div>
          </div>
          <div
            onKeyDown={[Function]}
            role="presentation"
            style={
              Object {
                "height": 0,
                "overflow": "hidden",
                "position": "absolute",
                "width": 0,
              }
            }
            tabIndex={0}
          />
          <div
            className="ant-tabs-content ant-tabs-content-animated ant-tabs-top-content"
            style={
              Object {
                "marginLeft": "0%",
              }
            }
          >
            <div
              aria-hidden="false"
              className="ant-tabs-tabpane ant-tabs-tabpane-active"
              role="tabpanel"
            >
              <div
                onKeyDown={[Function]}
                role="presentation"
                style={
                  Object {
                    "height": 0,
                    "overflow": "hidden",
                    "position": "absolute",
                    "width": 0,
                  }
                }
                tabIndex={0}
              />
              <div
                onKeyDown={[Function]}
                role="presentation"
                style={
                  Object {
                    "height": 0,
                    "overflow": "hidden",
                    "position": "absolute",
                    "width": 0,
                  }
                }
                tabIndex={0}
              />
            </div>
            <div
              aria-hidden="true"
              className="ant-tabs-tabpane ant-tabs-tabpane-inactive"
              role="tabpanel"
            />
            <div
              aria-hidden="true"
              className="ant-tabs-tabpane ant-tabs-tabpane-inactive"
              role="tabpanel"
            />
          </div>
          <div
            onKeyDown={[Function]}
            role="presentation"
            style={
              Object {
                "height": 0,
                "overflow": "hidden",
                "position": "absolute",
                "width": 0,
              }
            }
            tabIndex={0}
          />
        </div>
      </div>
      <div
        className="ant-card-body"
        style={Object {}}
      >
        <div
          className="ant-list ant-list-split"
        >
          <div
            className="ant-spin-nested-loading"
          >
            <div
              className="ant-spin-container"
            >
              <ul
                className="ant-list-items"
              >
                <li
                  className="ant-list-item"
                >
                  <div
                    className="ant-list-item-meta"
                  >
                    <div
                      className="ant-list-item-meta-avatar"
                    >
                      <span
                        className="ant-avatar ant-avatar-circle ant-avatar-image"
                        style={Object {}}
                      >
                        <img
                          onError={[Function]}
                          src="//"
                        />
                      </span>
                    </div>
                    <div
                      className="ant-list-item-meta-content"
                    >
                      <h4
                        className="ant-list-item-meta-title"
                      >
                        <a
                          href="/topic/007"
                          onClick={[Function]}
                        >
                          title
                        </a>
                      </h4>
                      <div
                        className="ant-list-item-meta-description"
                      >
                        <div>
                          <div
                            className="ant-tag ant-tag-purple"
                            style={
                              Object {
                                "backgroundColor": undefined,
                              }
                            }
                          >
                            admin
                          </div>
                          <div
                            className="ant-divider ant-divider-vertical"
                          />
                          a day ago
                        </div>
                      </div>
                    </div>
                  </div>
                </li>
              </ul>
            </div>
          </div>
        </div>
      </div>
    </div>
  </div>
</ConnectFunction>
`;

exports[`<User /> should render default title 1`] = `
<ConnectFunction
  match={
    Object {
      "params": Object {
        "name": "admin",
      },
    }
  }
  store={
    Object {
      "clearActions": [Function],
      "dispatch": [Function],
      "getActions": [Function],
      "getState": [Function],
      "replaceReducer": [Function],
      "subscribe": [Function],
    }
  }
>
  <div
    className=""
  >
    <div
      className="ant-card ant-card-bordered"
    >
      <div
        className="ant-card-body"
        style={Object {}}
      >
        <div
          className="ant-card-meta"
        >
          <div
            className="ant-card-meta-avatar"
          >
            <span
              className="ant-avatar ant-avatar-circle ant-avatar-image"
              style={Object {}}
            >
              <img
                onError={[Function]}
                src="//"
              />
            </span>
          </div>
          <div
            className="ant-card-meta-detail"
          >
            <div
              className="ant-card-meta-title"
            >
              <div
                className="ant-tag ant-tag-purple"
                style={
                  Object {
                    "backgroundColor": undefined,
                  }
                }
              />
            </div>
            <div
              className="ant-card-meta-description"
            >
              <div>
                Github：
                <a
                  href="https://github.com/admin"
                  rel="noopener noreferrer"
                  target="_blank"
                >
                  admin
                </a>
              </div>
              <div>
                积分：
                520
              </div>
              <div>
                收藏话题：
                2
                 个
              </div>
              <div>
                注册时间：
                a day ago
              </div>
            </div>
          </div>
        </div>
      </div>
    </div>
    <div
      className="ant-card ant-card-bordered ant-card-contain-tabs"
    >
      <div
        className="ant-card-head"
        style={Object {}}
      >
        <div
          className="ant-card-head-wrapper"
        />
        <div
          className="ant-tabs ant-tabs-top ant-card-head-tabs ant-tabs-large ant-tabs-line"
          onScroll={[Function]}
          style={Object {}}
        >
          <div
            className="ant-tabs-bar ant-tabs-top-bar ant-tabs-large-bar"
            onKeyDown={[Function]}
            role="tablist"
            style={Object {}}
            tabIndex="0"
          >
            <div
              className="ant-tabs-nav-container"
            >
              <span
                className="ant-tabs-tab-prev ant-tabs-tab-btn-disabled"
                onClick={null}
                onTransitionEnd={[Function]}
                unselectable="unselectable"
              >
                <span
                  className="ant-tabs-tab-prev-icon"
                >
                  <i
                    aria-label="icon: left"
                    className="anticon anticon-left ant-tabs-tab-prev-icon-target"
                  >
                    <svg
                      aria-hidden="true"
                      className=""
                      data-icon="left"
                      fill="currentColor"
                      focusable="false"
                      height="1em"
                      viewBox="64 64 896 896"
                      width="1em"
                    >
                      <path
                        d="M724 218.3V141c0-6.7-7.7-10.4-12.9-6.3L260.3 486.8a31.86 31.86 0 0 0 0 50.3l450.8 352.1c5.3 4.1 12.9.4 12.9-6.3v-77.3c0-4.9-2.3-9.6-6.1-12.6l-360-281 360-281.1c3.8-3 6.1-7.7 6.1-12.6z"
                      />
                    </svg>
                  </i>
                </span>
              </span>
              <span
                className="ant-tabs-tab-next ant-tabs-tab-btn-disabled"
                onClick={null}
                unselectable="unselectable"
              >
                <span
                  className="ant-tabs-tab-next-icon"
                >
                  <i
                    aria-label="icon: right"
                    className="anticon anticon-right ant-tabs-tab-next-icon-target"
                  >
                    <svg
                      aria-hidden="true"
                      className=""
                      data-icon="right"
                      fill="currentColor"
                      focusable="false"
                      height="1em"
                      viewBox="64 64 896 896"
                      width="1em"
                    >
                      <path
                        d="M765.7 486.8L314.9 134.7A7.97 7.97 0 0 0 302 141v77.3c0 4.9 2.3 9.6 6.1 12.6l360 281.1-360 281.1c-3.9 3-6.1 7.7-6.1 12.6V883c0 6.7 7.7 10.4 12.9 6.3l450.8-352.1a31.96 31.96 0 0 0 0-50.4z"
                      />
                    </svg>
                  </i>
                </span>
              </span>
              <div
                className="ant-tabs-nav-wrap"
              >
                <div
                  className="ant-tabs-nav-scroll"
                >
                  <div
                    className="ant-tabs-nav ant-tabs-nav-animated"
                  >
                    <div>
                      <div
                        aria-disabled="false"
                        aria-selected="true"
                        className="ant-tabs-tab-active ant-tabs-tab"
                        onClick={[Function]}
                        role="tab"
                        style={
                          Object {
                            "marginRight": null,
                          }
                        }
                      >
                        最近创建的话题
                      </div>
                      <div
                        aria-disabled="false"
                        aria-selected="false"
                        className=" ant-tabs-tab"
                        onClick={[Function]}
                        role="tab"
                        style={
                          Object {
                            "marginRight": null,
                          }
                        }
                      >
                        最近参与的话题
                      </div>
                      <div
                        aria-disabled="false"
                        aria-selected="false"
                        className=" ant-tabs-tab"
                        onClick={[Function]}
                        role="tab"
                        style={
                          Object {
                            "marginRight": null,
                          }
                        }
                      >
                        收藏的话题
                      </div>
                    </div>
                    <div
                      className="ant-tabs-ink-bar ant-tabs-ink-bar-animated"
                    />
                  </div>
                </div>
              </div>
            </div>
          </div>
          <div
            onKeyDown={[Function]}
            role="presentation"
            style={
              Object {
                "height": 0,
                "overflow": "hidden",
                "position": "absolute",
                "width": 0,
              }
            }
            tabIndex={0}
          />
          <div
            className="ant-tabs-content ant-tabs-content-animated ant-tabs-top-content"
            style={
              Object {
                "marginLeft": "0%",
              }
            }
          >
            <div
              aria-hidden="false"
              className="ant-tabs-tabpane ant-tabs-tabpane-active"
              role="tabpanel"
            >
              <div
                onKeyDown={[Function]}
                role="presentation"
                style={
                  Object {
                    "height": 0,
                    "overflow": "hidden",
                    "position": "absolute",
                    "width": 0,
                  }
                }
                tabIndex={0}
              />
              <div
                onKeyDown={[Function]}
                role="presentation"
                style={
                  Object {
                    "height": 0,
                    "overflow": "hidden",
                    "position": "absolute",
                    "width": 0,
                  }
                }
                tabIndex={0}
              />
            </div>
            <div
              aria-hidden="true"
              className="ant-tabs-tabpane ant-tabs-tabpane-inactive"
              role="tabpanel"
            />
            <div
              aria-hidden="true"
              className="ant-tabs-tabpane ant-tabs-tabpane-inactive"
              role="tabpanel"
            />
          </div>
          <div
            onKeyDown={[Function]}
            role="presentation"
            style={
              Object {
                "height": 0,
                "overflow": "hidden",
                "position": "absolute",
                "width": 0,
              }
            }
            tabIndex={0}
          />
        </div>
      </div>
      <div
        className="ant-card-body"
        style={Object {}}
      >
        <div
          className="ant-list ant-list-split"
        >
          <div
            className="ant-spin-nested-loading"
          >
            <div
              className="ant-spin-container"
            >
              <ul
                className="ant-list-items"
              >
                <li
                  className="ant-list-item"
                >
                  <div
                    className="ant-list-item-meta"
                  >
                    <div
                      className="ant-list-item-meta-avatar"
                    >
                      <span
                        className="ant-avatar ant-avatar-circle ant-avatar-image"
                        style={Object {}}
                      >
                        <img
                          onError={[Function]}
                          src="//"
                        />
                      </span>
                    </div>
                    <div
                      className="ant-list-item-meta-content"
                    >
                      <h4
                        className="ant-list-item-meta-title"
                      >
                        <a
                          href="/topic/007"
                          onClick={[Function]}
                        >
                          title
                        </a>
                      </h4>
                      <div
                        className="ant-list-item-meta-description"
                      >
                        <div>
                          <div
                            className="ant-tag ant-tag-purple"
                            style={
                              Object {
                                "backgroundColor": undefined,
                              }
                            }
                          >
                            admin
                          </div>
                          <div
                            className="ant-divider ant-divider-vertical"
                          />
                          a day ago
                        </div>
                      </div>
                    </div>
                  </div>
                </li>
              </ul>
            </div>
          </div>
        </div>
      </div>
    </div>
  </div>
</ConnectFunction>
`;
